[debug] [2026-08-02T01:53:23.629Z] ----------------------------------------------------------------------
[debug] [2026-08-02T01:53:23.632Z] Command:       C:\Program Files\nodejs\node.exe C:\Users\pat_b\AppData\Roaming\npm\node_modules\firebase-tools\lib\bin\firebase.js deploy
[debug] [2026-08-02T01:53:23.632Z] CLI Version:   15.24.0
[debug] [2026-08-02T01:53:23.632Z] Platform:      win32
[debug] [2026-08-02T01:53:23.632Z] Node Version:  v22.23.1
[debug] [2026-08-02T01:53:23.633Z] Detected Agent: unknown
[debug] [2026-08-02T01:53:23.633Z] Time:          Sat Aug 01 2026 21:53:23 GMT-0400 (Eastern Daylight Time)
[debug] [2026-08-02T01:53:23.633Z] ----------------------------------------------------------------------
[debug] 
[debug] [2026-08-02T01:53:29.538Z] > command requires scopes: ["email","openid","https://www.googleapis.com/auth/cloudplatformprojects.readonly","https://www.googleapis.com/auth/firebase","https://www.googleapis.com/auth/cloud-platform"]
[debug] [2026-08-02T01:53:29.538Z] > authorizing via signed-in user (jaxpaboo@gmail.com)
[debug] [2026-08-02T01:53:29.539Z] [iam] checking project fire-4961c for permissions ["cloudfunctions.functions.create","cloudfunctions.functions.delete","cloudfunctions.functions.get","cloudfunctions.functions.list","cloudfunctions.functions.update","cloudfunctions.operations.get","firebase.projects.get","firebasehosting.sites.update"]
[debug] [2026-08-02T01:53:29.549Z] Checked if tokens are valid: false, expires at: 1785601529672
[debug] [2026-08-02T01:53:29.549Z] Checked if tokens are valid: false, expires at: 1785601529672
[debug] [2026-08-02T01:53:29.549Z] > refreshing access token with scopes: []
[debug] [2026-08-02T01:53:29.551Z] >>> [apiv2][query] POST https://www.googleapis.com/oauth2/v3/token [none]
[debug] [2026-08-02T01:53:29.551Z] >>> [apiv2][body] POST https://www.googleapis.com/oauth2/v3/token [omitted]
[debug] [2026-08-02T01:53:29.717Z] <<< [apiv2][status] POST https://www.googleapis.com/oauth2/v3/token 200
[debug] [2026-08-02T01:53:29.717Z] <<< [apiv2][body] POST https://www.googleapis.com/oauth2/v3/token [omitted]
[debug] [2026-08-02T01:53:29.725Z] >>> [apiv2][query] POST https://cloudresourcemanager.googleapis.com/v1/projects/fire-4961c:testIamPermissions [none]
[debug] [2026-08-02T01:53:29.725Z] >>> [apiv2][(partial)header] POST https://cloudresourcemanager.googleapis.com/v1/projects/fire-4961c:testIamPermissions  x-goog-user-project=fire-4961c
[debug] [2026-08-02T01:53:29.725Z] >>> [apiv2][body] POST https://cloudresourcemanager.googleapis.com/v1/projects/fire-4961c:testIamPermissions {"permissions":["cloudfunctions.functions.create","cloudfunctions.functions.delete","cloudfunctions.functions.get","cloudfunctions.functions.list","cloudfunctions.functions.update","cloudfunctions.operations.get","firebase.projects.get","firebasehosting.sites.update"]}
[debug] [2026-08-02T01:53:29.910Z] <<< [apiv2][status] POST https://cloudresourcemanager.googleapis.com/v1/projects/fire-4961c:testIamPermissions 200
[debug] [2026-08-02T01:53:29.910Z] <<< [apiv2][body] POST https://cloudresourcemanager.googleapis.com/v1/projects/fire-4961c:testIamPermissions {"permissions":["cloudfunctions.functions.create","cloudfunctions.functions.delete","cloudfunctions.functions.get","cloudfunctions.functions.list","cloudfunctions.functions.update","cloudfunctions.operations.get","firebase.projects.get","firebasehosting.sites.update"]}
[debug] [2026-08-02T01:53:29.911Z] Checked if tokens are valid: true, expires at: 1785639208718
[debug] [2026-08-02T01:53:29.911Z] Checked if tokens are valid: true, expires at: 1785639208718
[debug] [2026-08-02T01:53:29.911Z] >>> [apiv2][query] POST https://iam.googleapis.com/v1/projects/fire-4961c/serviceAccounts/fire-4961c@appspot.gserviceaccount.com:testIamPermissions [none]
[debug] [2026-08-02T01:53:29.911Z] >>> [apiv2][body] POST https://iam.googleapis.com/v1/projects/fire-4961c/serviceAccounts/fire-4961c@appspot.gserviceaccount.com:testIamPermissions {"permissions":["iam.serviceAccounts.actAs"]}
[debug] [2026-08-02T01:53:30.156Z] <<< [apiv2][status] POST https://iam.googleapis.com/v1/projects/fire-4961c/serviceAccounts/fire-4961c@appspot.gserviceaccount.com:testIamPermissions 200
[debug] [2026-08-02T01:53:30.156Z] <<< [apiv2][body] POST https://iam.googleapis.com/v1/projects/fire-4961c/serviceAccounts/fire-4961c@appspot.gserviceaccount.com:testIamPermissions {"permissions":["iam.serviceAccounts.actAs"]}
[debug] [2026-08-02T01:53:30.158Z] Checked if tokens are valid: true, expires at: 1785639208718
[debug] [2026-08-02T01:53:30.158Z] Checked if tokens are valid: true, expires at: 1785639208718
[debug] [2026-08-02T01:53:30.159Z] >>> [apiv2][query] GET https://firebase.googleapis.com/v1beta1/projects/fire-4961c [none]
[debug] [2026-08-02T01:53:30.501Z] <<< [apiv2][status] GET https://firebase.googleapis.com/v1beta1/projects/fire-4961c 200
[debug] [2026-08-02T01:53:30.501Z] <<< [apiv2][body] GET https://firebase.googleapis.com/v1beta1/projects/fire-4961c {"projectId":"fire-4961c","projectNumber":"886503054706","displayName":"Firemenu","name":"projects/fire-4961c","resources":{"hostingSite":"fire-4961c","realtimeDatabaseInstance":"fire-4961c-default-rtdb"},"state":"ACTIVE","labels":{"firebase":"enabled"},"etag":"1_d554c148-dfef-4043-a0e2-22561e5373aa"}
[info] 
[info] === Deploying to 'fire-4961c'...
[info] 
[info] i  deploying functions, hosting 
[debug] [2026-08-02T01:53:30.505Z] Checked if tokens are valid: true, expires at: 1785639208718
[debug] [2026-08-02T01:53:30.505Z] Checked if tokens are valid: true, expires at: 1785639208718
[debug] [2026-08-02T01:53:30.505Z] >>> [apiv2][query] GET https://cloudresourcemanager.googleapis.com/v1/projects/fire-4961c [none]
[debug] [2026-08-02T01:53:30.588Z] <<< [apiv2][status] GET https://cloudresourcemanager.googleapis.com/v1/projects/fire-4961c 200
[debug] [2026-08-02T01:53:30.589Z] <<< [apiv2][body] GET https://cloudresourcemanager.googleapis.com/v1/projects/fire-4961c {"projectNumber":"886503054706","projectId":"fire-4961c","lifecycleState":"ACTIVE","name":"Firemenu","labels":{"firebase":"enabled"},"createTime":"2022-11-01T17:46:07.457Z"}
[info] i  functions: preparing codebase default for deployment 
[info] i  functions: ensuring required API cloudfunctions.googleapis.com is enabled... 
[info] i  functions: ensuring required API cloudbuild.googleapis.com is enabled... 
[debug] [2026-08-02T01:53:30.591Z] Checked if tokens are valid: true, expires at: 1785639208718
[debug] [2026-08-02T01:53:30.591Z] Checked if tokens are valid: true, expires at: 1785639208718
[info] i  artifactregistry: ensuring required API artifactregistry.googleapis.com is enabled... 
[debug] [2026-08-02T01:53:30.592Z] Checked if tokens are valid: true, expires at: 1785639208718
[debug] [2026-08-02T01:53:30.592Z] Checked if tokens are valid: true, expires at: 1785639208718
[debug] [2026-08-02T01:53:30.592Z] >>> [apiv2][query] GET https://serviceusage.googleapis.com/v1/projects/fire-4961c/services/cloudbuild.googleapis.com [none]
[debug] [2026-08-02T01:53:30.592Z] >>> [apiv2][(partial)header] GET https://serviceusage.googleapis.com/v1/projects/fire-4961c/services/cloudbuild.googleapis.com  x-goog-user-project=fire-4961c
[debug] [2026-08-02T01:53:30.594Z] >>> [apiv2][query] GET https://serviceusage.googleapis.com/v1/projects/fire-4961c/services/artifactregistry.googleapis.com [none]
[debug] [2026-08-02T01:53:30.594Z] >>> [apiv2][(partial)header] GET https://serviceusage.googleapis.com/v1/projects/fire-4961c/services/artifactregistry.googleapis.com  x-goog-user-project=fire-4961c
[debug] [2026-08-02T01:53:30.992Z] <<< [apiv2][status] GET https://serviceusage.googleapis.com/v1/projects/fire-4961c/services/artifactregistry.googleapis.com 200
[debug] [2026-08-02T01:53:30.992Z] <<< [apiv2][body] GET https://serviceusage.googleapis.com/v1/projects/fire-4961c/services/artifactregistry.googleapis.com [omitted]
[warn] !  artifactregistry: missing required API artifactregistry.googleapis.com. Enabling now... 
[debug] [2026-08-02T01:53:30.994Z] Checked if tokens are valid: true, expires at: 1785639208718
[debug] [2026-08-02T01:53:30.994Z] Checked if tokens are valid: true, expires at: 1785639208718
[debug] [2026-08-02T01:53:30.994Z] >>> [apiv2][query] POST https://serviceusage.googleapis.com/v1/projects/fire-4961c/services/artifactregistry.googleapis.com:enable [none]
[debug] [2026-08-02T01:53:30.994Z] >>> [apiv2][(partial)header] POST https://serviceusage.googleapis.com/v1/projects/fire-4961c/services/artifactregistry.googleapis.com:enable  x-goog-user-project=fire-4961c
[debug] [2026-08-02T01:53:31.004Z] <<< [apiv2][status] GET https://serviceusage.googleapis.com/v1/projects/fire-4961c/services/cloudbuild.googleapis.com 200
[debug] [2026-08-02T01:53:31.004Z] <<< [apiv2][body] GET https://serviceusage.googleapis.com/v1/projects/fire-4961c/services/cloudbuild.googleapis.com [omitted]
[warn] !  functions: missing required API cloudbuild.googleapis.com. Enabling now... 
[debug] [2026-08-02T01:53:31.005Z] Checked if tokens are valid: true, expires at: 1785639208718
[debug] [2026-08-02T01:53:31.005Z] Checked if tokens are valid: true, expires at: 1785639208718
[debug] [2026-08-02T01:53:31.005Z] >>> [apiv2][query] POST https://serviceusage.googleapis.com/v1/projects/fire-4961c/services/cloudbuild.googleapis.com:enable [none]
[debug] [2026-08-02T01:53:31.005Z] >>> [apiv2][(partial)header] POST https://serviceusage.googleapis.com/v1/projects/fire-4961c/services/cloudbuild.googleapis.com:enable  x-goog-user-project=fire-4961c
[debug] [2026-08-02T01:53:31.752Z] <<< [apiv2][status] POST https://serviceusage.googleapis.com/v1/projects/fire-4961c/services/cloudbuild.googleapis.com:enable 200
[debug] [2026-08-02T01:53:31.753Z] <<< [apiv2][body] POST https://serviceusage.googleapis.com/v1/projects/fire-4961c/services/cloudbuild.googleapis.com:enable [omitted]
[debug] [2026-08-02T01:53:31.815Z] <<< [apiv2][status] POST https://serviceusage.googleapis.com/v1/projects/fire-4961c/services/artifactregistry.googleapis.com:enable 200
[debug] [2026-08-02T01:53:31.815Z] <<< [apiv2][body] POST https://serviceusage.googleapis.com/v1/projects/fire-4961c/services/artifactregistry.googleapis.com:enable [omitted]
[debug] [2026-08-02T01:53:41.827Z] Checked if tokens are valid: true, expires at: 1785639208718
[debug] [2026-08-02T01:53:41.828Z] Checked if tokens are valid: true, expires at: 1785639208718
[debug] [2026-08-02T01:53:41.828Z] >>> [apiv2][query] GET https://firebase.googleapis.com/v1beta1/projects/fire-4961c/adminSdkConfig [none]
[debug] [2026-08-02T01:53:42.217Z] <<< [apiv2][status] GET https://firebase.googleapis.com/v1beta1/projects/fire-4961c/adminSdkConfig 200
[debug] [2026-08-02T01:53:42.217Z] <<< [apiv2][body] GET https://firebase.googleapis.com/v1beta1/projects/fire-4961c/adminSdkConfig {"projectId":"fire-4961c","databaseURL":"https://fire-4961c-default-rtdb.firebaseio.com","storageBucket":"fire-4961c.firebasestorage.app"}
[debug] [2026-08-02T01:53:42.218Z] Checked if tokens are valid: true, expires at: 1785639208718
[debug] [2026-08-02T01:53:42.218Z] Checked if tokens are valid: true, expires at: 1785639208718
[debug] [2026-08-02T01:53:42.219Z] >>> [apiv2][query] GET https://runtimeconfig.googleapis.com/v1beta1/projects/fire-4961c/configs [none]
[debug] [2026-08-02T01:53:42.622Z] <<< [apiv2][status] GET https://runtimeconfig.googleapis.com/v1beta1/projects/fire-4961c/configs 200
[debug] [2026-08-02T01:53:42.622Z] <<< [apiv2][body] GET https://runtimeconfig.googleapis.com/v1beta1/projects/fire-4961c/configs {}
[debug] [2026-08-02T01:53:42.627Z] Validating nodejs source
[warn] !  functions: Runtime Node.js 20 was deprecated on 2026-04-30 and will be decommissioned on 2026-10-30, after which you will not be able to deploy without upgrading. Consider upgrading now to avoid disruption. See https://cloud.google.com/functions/docs/runtime-support for full details on the lifecycle policy 
[warn] !  functions: Couldn't find firebase-functions package in your source code. Have you run 'npm install'? 
[debug] [2026-08-02T01:53:42.629Z] getFunctionsSDKVersion encountered error: Cannot find module 'firebase-functions'
Require stack:
- C:\Users\pat_b\AppData\Roaming\npm\node_modules\firebase-tools\lib\deploy\functions\runtimes\node\versioning.js
- C:\Users\pat_b\AppData\Roaming\npm\node_modules\firebase-tools\lib\deploy\functions\runtimes\node\index.js
- C:\Users\pat_b\AppData\Roaming\npm\node_modules\firebase-tools\lib\deploy\functions\runtimes\index.js
- C:\Users\pat_b\AppData\Roaming\npm\node_modules\firebase-tools\lib\deploy\functions\prepare.js
- C:\Users\pat_b\AppData\Roaming\npm\node_modules\firebase-tools\lib\emulator\functionsEmulatorShared.js
- C:\Users\pat_b\AppData\Roaming\npm\node_modules\firebase-tools\lib\frameworks\index.js
- C:\Users\pat_b\AppData\Roaming\npm\node_modules\firebase-tools\lib\deploy\hosting\prepare.js
- C:\Users\pat_b\AppData\Roaming\npm\node_modules\firebase-tools\lib\deploy\hosting\index.js
- C:\Users\pat_b\AppData\Roaming\npm\node_modules\firebase-tools\lib\deploy\index.js
- C:\Users\pat_b\AppData\Roaming\npm\node_modules\firebase-tools\lib\checkValidTargetFilters.js
- C:\Users\pat_b\AppData\Roaming\npm\node_modules\firebase-tools\lib\commands\deploy.js
- C:\Users\pat_b\AppData\Roaming\npm\node_modules\firebase-tools\lib\commands\index.js
- C:\Users\pat_b\AppData\Roaming\npm\node_modules\firebase-tools\lib\index.js
- C:\Users\pat_b\AppData\Roaming\npm\node_modules\firebase-tools\lib\bin\cli.js
- C:\Users\pat_b\AppData\Roaming\npm\node_modules\firebase-tools\lib\bin\firebase.js {"code":"MODULE_NOT_FOUND","requireStack":["C:\\Users\\pat_b\\AppData\\Roaming\\npm\\node_modules\\firebase-tools\\lib\\deploy\\functions\\runtimes\\node\\versioning.js","C:\\Users\\pat_b\\AppData\\Roaming\\npm\\node_modules\\firebase-tools\\lib\\deploy\\functions\\runtimes\\node\\index.js","C:\\Users\\pat_b\\AppData\\Roaming\\npm\\node_modules\\firebase-tools\\lib\\deploy\\functions\\runtimes\\index.js","C:\\Users\\pat_b\\AppData\\Roaming\\npm\\node_modules\\firebase-tools\\lib\\deploy\\functions\\prepare.js","C:\\Users\\pat_b\\AppData\\Roaming\\npm\\node_modules\\firebase-tools\\lib\\emulator\\functionsEmulatorShared.js","C:\\Users\\pat_b\\AppData\\Roaming\\npm\\node_modules\\firebase-tools\\lib\\frameworks\\index.js","C:\\Users\\pat_b\\AppData\\Roaming\\npm\\node_modules\\firebase-tools\\lib\\deploy\\hosting\\prepare.js","C:\\Users\\pat_b\\AppData\\Roaming\\npm\\node_modules\\firebase-tools\\lib\\deploy\\hosting\\index.js","C:\\Users\\pat_b\\AppData\\Roaming\\npm\\node_modules\\firebase-tools\\lib\\deploy\\index.js","C:\\Users\\pat_b\\AppData\\Roaming\\npm\\node_modules\\firebase-tools\\lib\\checkValidTargetFilters.js","C:\\Users\\pat_b\\AppData\\Roaming\\npm\\node_modules\\firebase-tools\\lib\\commands\\deploy.js","C:\\Users\\pat_b\\AppData\\Roaming\\npm\\node_modules\\firebase-tools\\lib\\commands\\index.js","C:\\Users\\pat_b\\AppData\\Roaming\\npm\\node_modules\\firebase-tools\\lib\\index.js","C:\\Users\\pat_b\\AppData\\Roaming\\npm\\node_modules\\firebase-tools\\lib\\bin\\cli.js","C:\\Users\\pat_b\\AppData\\Roaming\\npm\\node_modules\\firebase-tools\\lib\\bin\\firebase.js"]}
[debug] [2026-08-02T01:53:42.635Z] checkFunctionsSDKVersion encountered error: Invalid Version:  {}
[debug] [2026-08-02T01:53:42.636Z] > [functions] package.json contents: {
  "name": "firemenu-v2-functions",
  "private": true,
  "main": "index.js",
  "engines": {
    "node": "20"
  },
  "scripts": {
    "serve": "firebase emulators:start --only functions",
    "deploy": "firebase deploy --only functions"
  },
  "dependencies": {
    "firebase-functions": "^5.0.1"
  }
}
[debug] [2026-08-02T01:53:42.636Z] Building nodejs source
[info] i  functions: Loading and analyzing source code for codebase default to determine what to deploy 
[debug] [2026-08-02T01:53:42.637Z] Could not parse firebase-functions version '' into semver.
[debug] [2026-08-02T01:53:42.637Z] Could not find functions.yaml. Must use http discovery
[debug] [2026-08-02T01:53:42.646Z] Error: Cannot find module 'firebase-functions'
Require stack:
- C:\Users\pat_b\AppData\Roaming\npm\node_modules\firebase-tools\lib\deploy\functions\runtimes\node\index.js
- C:\Users\pat_b\AppData\Roaming\npm\node_modules\firebase-tools\lib\deploy\functions\runtimes\index.js
- C:\Users\pat_b\AppData\Roaming\npm\node_modules\firebase-tools\lib\deploy\functions\prepare.js
- C:\Users\pat_b\AppData\Roaming\npm\node_modules\firebase-tools\lib\emulator\functionsEmulatorShared.js
- C:\Users\pat_b\AppData\Roaming\npm\node_modules\firebase-tools\lib\frameworks\index.js
- C:\Users\pat_b\AppData\Roaming\npm\node_modules\firebase-tools\lib\deploy\hosting\prepare.js
- C:\Users\pat_b\AppData\Roaming\npm\node_modules\firebase-tools\lib\deploy\hosting\index.js
- C:\Users\pat_b\AppData\Roaming\npm\node_modules\firebase-tools\lib\deploy\index.js
- C:\Users\pat_b\AppData\Roaming\npm\node_modules\firebase-tools\lib\checkValidTargetFilters.js
- C:\Users\pat_b\AppData\Roaming\npm\node_modules\firebase-tools\lib\commands\deploy.js
- C:\Users\pat_b\AppData\Roaming\npm\node_modules\firebase-tools\lib\commands\index.js
- C:\Users\pat_b\AppData\Roaming\npm\node_modules\firebase-tools\lib\index.js
- C:\Users\pat_b\AppData\Roaming\npm\node_modules\firebase-tools\lib\bin\cli.js
- C:\Users\pat_b\AppData\Roaming\npm\node_modules\firebase-tools\lib\bin\firebase.js
    at Function._resolveFilename (node:internal/modules/cjs/loader:1430:15)
    at Function.resolve (node:internal/modules/helpers:157:19)
    at Delegate.findFunctionsBinary (C:\Users\pat_b\AppData\Roaming\npm\node_modules\firebase-tools\lib\deploy\functions\runtimes\node\index.js:100:33)
    at Delegate.spawnFunctionsProcess (C:\Users\pat_b\AppData\Roaming\npm\node_modules\firebase-tools\lib\deploy\functions\runtimes\node\index.js:130:30)
    at Delegate.serveAdmin (C:\Users\pat_b\AppData\Roaming\npm\node_modules\firebase-tools\lib\deploy\functions\runtimes\node\index.js:151:35)
    at Delegate.discoverBuild (C:\Users\pat_b\AppData\Roaming\npm\node_modules\firebase-tools\lib\deploy\functions\runtimes\node\index.js:191:41)
    at process.processTicksAndRejections (node:internal/process/task_queues:103:5)
    at async loadCodebases (C:\Users\pat_b\AppData\Roaming\npm\node_modules\firebase-tools\lib\deploy\functions\prepare.js:488:33)
    at async prepare (C:\Users\pat_b\AppData\Roaming\npm\node_modules\firebase-tools\lib\deploy\functions\prepare.js:168:24)
    at async chain (C:\Users\pat_b\AppData\Roaming\npm\node_modules\firebase-tools\lib\deploy\index.js:105:9)
[error] 
[error] Error: An unexpected error has occurred.
[debug] [2026-08-02T01:55:06.344Z] ----------------------------------------------------------------------
[debug] [2026-08-02T01:55:06.346Z] Command:       C:\Program Files\nodejs\node.exe C:\Users\pat_b\AppData\Roaming\npm\node_modules\firebase-tools\lib\bin\firebase.js deploy
[debug] [2026-08-02T01:55:06.347Z] CLI Version:   15.24.0
[debug] [2026-08-02T01:55:06.347Z] Platform:      win32
[debug] [2026-08-02T01:55:06.347Z] Node Version:  v22.23.1
[debug] [2026-08-02T01:55:06.347Z] Detected Agent: unknown
[debug] [2026-08-02T01:55:06.347Z] Time:          Sat Aug 01 2026 21:55:06 GMT-0400 (Eastern Daylight Time)
[debug] [2026-08-02T01:55:06.347Z] ----------------------------------------------------------------------
[debug] 
[debug] [2026-08-02T01:55:07.892Z] > command requires scopes: ["email","openid","https://www.googleapis.com/auth/cloudplatformprojects.readonly","https://www.googleapis.com/auth/firebase","https://www.googleapis.com/auth/cloud-platform"]
[debug] [2026-08-02T01:55:07.892Z] > authorizing via signed-in user (jaxpaboo@gmail.com)
[debug] [2026-08-02T01:55:07.892Z] [iam] checking project fire-4961c for permissions ["cloudfunctions.functions.create","cloudfunctions.functions.delete","cloudfunctions.functions.get","cloudfunctions.functions.list","cloudfunctions.functions.update","cloudfunctions.operations.get","firebase.projects.get","firebasehosting.sites.update"]
[debug] [2026-08-02T01:55:07.903Z] Checked if tokens are valid: true, expires at: 1785639208718
[debug] [2026-08-02T01:55:07.903Z] Checked if tokens are valid: true, expires at: 1785639208718
[debug] [2026-08-02T01:55:07.904Z] >>> [apiv2][query] POST https://cloudresourcemanager.googleapis.com/v1/projects/fire-4961c:testIamPermissions [none]
[debug] [2026-08-02T01:55:07.904Z] >>> [apiv2][(partial)header] POST https://cloudresourcemanager.googleapis.com/v1/projects/fire-4961c:testIamPermissions  x-goog-user-project=fire-4961c
[debug] [2026-08-02T01:55:07.904Z] >>> [apiv2][body] POST https://cloudresourcemanager.googleapis.com/v1/projects/fire-4961c:testIamPermissions {"permissions":["cloudfunctions.functions.create","cloudfunctions.functions.delete","cloudfunctions.functions.get","cloudfunctions.functions.list","cloudfunctions.functions.update","cloudfunctions.operations.get","firebase.projects.get","firebasehosting.sites.update"]}
[debug] [2026-08-02T01:55:08.084Z] <<< [apiv2][status] POST https://cloudresourcemanager.googleapis.com/v1/projects/fire-4961c:testIamPermissions 200
[debug] [2026-08-02T01:55:08.084Z] <<< [apiv2][body] POST https://cloudresourcemanager.googleapis.com/v1/projects/fire-4961c:testIamPermissions {"permissions":["cloudfunctions.functions.create","cloudfunctions.functions.delete","cloudfunctions.functions.get","cloudfunctions.functions.list","cloudfunctions.functions.update","cloudfunctions.operations.get","firebase.projects.get","firebasehosting.sites.update"]}
[debug] [2026-08-02T01:55:08.085Z] Checked if tokens are valid: true, expires at: 1785639208718
[debug] [2026-08-02T01:55:08.085Z] Checked if tokens are valid: true, expires at: 1785639208718
[debug] [2026-08-02T01:55:08.085Z] >>> [apiv2][query] POST https://iam.googleapis.com/v1/projects/fire-4961c/serviceAccounts/fire-4961c@appspot.gserviceaccount.com:testIamPermissions [none]
[debug] [2026-08-02T01:55:08.085Z] >>> [apiv2][body] POST https://iam.googleapis.com/v1/projects/fire-4961c/serviceAccounts/fire-4961c@appspot.gserviceaccount.com:testIamPermissions {"permissions":["iam.serviceAccounts.actAs"]}
[debug] [2026-08-02T01:55:08.283Z] <<< [apiv2][status] POST https://iam.googleapis.com/v1/projects/fire-4961c/serviceAccounts/fire-4961c@appspot.gserviceaccount.com:testIamPermissions 200
[debug] [2026-08-02T01:55:08.283Z] <<< [apiv2][body] POST https://iam.googleapis.com/v1/projects/fire-4961c/serviceAccounts/fire-4961c@appspot.gserviceaccount.com:testIamPermissions {"permissions":["iam.serviceAccounts.actAs"]}
[debug] [2026-08-02T01:55:08.284Z] Checked if tokens are valid: true, expires at: 1785639208718
[debug] [2026-08-02T01:55:08.284Z] Checked if tokens are valid: true, expires at: 1785639208718
[debug] [2026-08-02T01:55:08.285Z] >>> [apiv2][query] GET https://firebase.googleapis.com/v1beta1/projects/fire-4961c [none]
[debug] [2026-08-02T01:55:08.653Z] <<< [apiv2][status] GET https://firebase.googleapis.com/v1beta1/projects/fire-4961c 200
[debug] [2026-08-02T01:55:08.654Z] <<< [apiv2][body] GET https://firebase.googleapis.com/v1beta1/projects/fire-4961c {"projectId":"fire-4961c","projectNumber":"886503054706","displayName":"Firemenu","name":"projects/fire-4961c","resources":{"hostingSite":"fire-4961c","realtimeDatabaseInstance":"fire-4961c-default-rtdb"},"state":"ACTIVE","labels":{"firebase":"enabled"},"etag":"1_d554c148-dfef-4043-a0e2-22561e5373aa"}
[info] 
[info] === Deploying to 'fire-4961c'...
[info] 
[info] i  deploying functions, hosting 
[debug] [2026-08-02T01:55:08.664Z] Checked if tokens are valid: true, expires at: 1785639208718
[debug] [2026-08-02T01:55:08.665Z] Checked if tokens are valid: true, expires at: 1785639208718
[debug] [2026-08-02T01:55:08.665Z] >>> [apiv2][query] GET https://cloudresourcemanager.googleapis.com/v1/projects/fire-4961c [none]
[debug] [2026-08-02T01:55:08.785Z] <<< [apiv2][status] GET https://cloudresourcemanager.googleapis.com/v1/projects/fire-4961c 200
[debug] [2026-08-02T01:55:08.785Z] <<< [apiv2][body] GET https://cloudresourcemanager.googleapis.com/v1/projects/fire-4961c {"projectNumber":"886503054706","projectId":"fire-4961c","lifecycleState":"ACTIVE","name":"Firemenu","labels":{"firebase":"enabled"},"createTime":"2022-11-01T17:46:07.457Z"}
[info] i  functions: preparing codebase default for deployment 
[info] i  functions: ensuring required API cloudfunctions.googleapis.com is enabled... 
[info] i  functions: ensuring required API cloudbuild.googleapis.com is enabled... 
[info] i  artifactregistry: ensuring required API artifactregistry.googleapis.com is enabled... 
[debug] [2026-08-02T01:55:08.791Z] Checked if tokens are valid: true, expires at: 1785639208718
[debug] [2026-08-02T01:55:08.791Z] Checked if tokens are valid: true, expires at: 1785639208718
[debug] [2026-08-02T01:55:08.791Z] >>> [apiv2][query] GET https://firebase.googleapis.com/v1beta1/projects/fire-4961c/adminSdkConfig [none]
[debug] [2026-08-02T01:55:09.093Z] <<< [apiv2][status] GET https://firebase.googleapis.com/v1beta1/projects/fire-4961c/adminSdkConfig 200
[debug] [2026-08-02T01:55:09.094Z] <<< [apiv2][body] GET https://firebase.googleapis.com/v1beta1/projects/fire-4961c/adminSdkConfig {"projectId":"fire-4961c","databaseURL":"https://fire-4961c-default-rtdb.firebaseio.com","storageBucket":"fire-4961c.firebasestorage.app"}
[debug] [2026-08-02T01:55:09.095Z] Checked if tokens are valid: true, expires at: 1785639208718
[debug] [2026-08-02T01:55:09.095Z] Checked if tokens are valid: true, expires at: 1785639208718
[debug] [2026-08-02T01:55:09.095Z] >>> [apiv2][query] GET https://runtimeconfig.googleapis.com/v1beta1/projects/fire-4961c/configs [none]
[debug] [2026-08-02T01:55:09.419Z] <<< [apiv2][status] GET https://runtimeconfig.googleapis.com/v1beta1/projects/fire-4961c/configs 200
[debug] [2026-08-02T01:55:09.420Z] <<< [apiv2][body] GET https://runtimeconfig.googleapis.com/v1beta1/projects/fire-4961c/configs {}
[debug] [2026-08-02T01:55:09.423Z] Validating nodejs source
[warn] !  functions: Runtime Node.js 20 was deprecated on 2026-04-30 and will be decommissioned on 2026-10-30, after which you will not be able to deploy without upgrading. Consider upgrading now to avoid disruption. See https://cloud.google.com/functions/docs/runtime-support for full details on the lifecycle policy 
[warn] !  functions: Couldn't find firebase-functions package in your source code. Have you run 'npm install'? 
[debug] [2026-08-02T01:55:09.425Z] getFunctionsSDKVersion encountered error: Cannot find module 'firebase-functions'
Require stack:
- C:\Users\pat_b\AppData\Roaming\npm\node_modules\firebase-tools\lib\deploy\functions\runtimes\node\versioning.js
- C:\Users\pat_b\AppData\Roaming\npm\node_modules\firebase-tools\lib\deploy\functions\runtimes\node\index.js
- C:\Users\pat_b\AppData\Roaming\npm\node_modules\firebase-tools\lib\deploy\functions\runtimes\index.js
- C:\Users\pat_b\AppData\Roaming\npm\node_modules\firebase-tools\lib\deploy\functions\prepare.js
- C:\Users\pat_b\AppData\Roaming\npm\node_modules\firebase-tools\lib\emulator\functionsEmulatorShared.js
- C:\Users\pat_b\AppData\Roaming\npm\node_modules\firebase-tools\lib\frameworks\index.js
- C:\Users\pat_b\AppData\Roaming\npm\node_modules\firebase-tools\lib\deploy\hosting\prepare.js
- C:\Users\pat_b\AppData\Roaming\npm\node_modules\firebase-tools\lib\deploy\hosting\index.js
- C:\Users\pat_b\AppData\Roaming\npm\node_modules\firebase-tools\lib\deploy\index.js
- C:\Users\pat_b\AppData\Roaming\npm\node_modules\firebase-tools\lib\checkValidTargetFilters.js
- C:\Users\pat_b\AppData\Roaming\npm\node_modules\firebase-tools\lib\commands\deploy.js
- C:\Users\pat_b\AppData\Roaming\npm\node_modules\firebase-tools\lib\commands\index.js
- C:\Users\pat_b\AppData\Roaming\npm\node_modules\firebase-tools\lib\index.js
- C:\Users\pat_b\AppData\Roaming\npm\node_modules\firebase-tools\lib\bin\cli.js
- C:\Users\pat_b\AppData\Roaming\npm\node_modules\firebase-tools\lib\bin\firebase.js {"code":"MODULE_NOT_FOUND","requireStack":["C:\\Users\\pat_b\\AppData\\Roaming\\npm\\node_modules\\firebase-tools\\lib\\deploy\\functions\\runtimes\\node\\versioning.js","C:\\Users\\pat_b\\AppData\\Roaming\\npm\\node_modules\\firebase-tools\\lib\\deploy\\functions\\runtimes\\node\\index.js","C:\\Users\\pat_b\\AppData\\Roaming\\npm\\node_modules\\firebase-tools\\lib\\deploy\\functions\\runtimes\\index.js","C:\\Users\\pat_b\\AppData\\Roaming\\npm\\node_modules\\firebase-tools\\lib\\deploy\\functions\\prepare.js","C:\\Users\\pat_b\\AppData\\Roaming\\npm\\node_modules\\firebase-tools\\lib\\emulator\\functionsEmulatorShared.js","C:\\Users\\pat_b\\AppData\\Roaming\\npm\\node_modules\\firebase-tools\\lib\\frameworks\\index.js","C:\\Users\\pat_b\\AppData\\Roaming\\npm\\node_modules\\firebase-tools\\lib\\deploy\\hosting\\prepare.js","C:\\Users\\pat_b\\AppData\\Roaming\\npm\\node_modules\\firebase-tools\\lib\\deploy\\hosting\\index.js","C:\\Users\\pat_b\\AppData\\Roaming\\npm\\node_modules\\firebase-tools\\lib\\deploy\\index.js","C:\\Users\\pat_b\\AppData\\Roaming\\npm\\node_modules\\firebase-tools\\lib\\checkValidTargetFilters.js","C:\\Users\\pat_b\\AppData\\Roaming\\npm\\node_modules\\firebase-tools\\lib\\commands\\deploy.js","C:\\Users\\pat_b\\AppData\\Roaming\\npm\\node_modules\\firebase-tools\\lib\\commands\\index.js","C:\\Users\\pat_b\\AppData\\Roaming\\npm\\node_modules\\firebase-tools\\lib\\index.js","C:\\Users\\pat_b\\AppData\\Roaming\\npm\\node_modules\\firebase-tools\\lib\\bin\\cli.js","C:\\Users\\pat_b\\AppData\\Roaming\\npm\\node_modules\\firebase-tools\\lib\\bin\\firebase.js"]}
[debug] [2026-08-02T01:55:09.427Z] checkFunctionsSDKVersion encountered error: Invalid Version:  {}
[debug] [2026-08-02T01:55:09.428Z] > [functions] package.json contents: {
  "name": "firemenu-v2-functions",
  "private": true,
  "main": "index.js",
  "engines": {
    "node": "20"
  },
  "scripts": {
    "serve": "firebase emulators:start --only functions",
    "deploy": "firebase deploy --only functions"
  },
  "dependencies": {
    "firebase-functions": "^5.0.1"
  }
}
[debug] [2026-08-02T01:55:09.428Z] Building nodejs source
[info] i  functions: Loading and analyzing source code for codebase default to determine what to deploy 
[debug] [2026-08-02T01:55:09.430Z] Could not parse firebase-functions version '' into semver.
[debug] [2026-08-02T01:55:09.431Z] Could not find functions.yaml. Must use http discovery
[debug] [2026-08-02T01:55:09.448Z] Error: Cannot find module 'firebase-functions'
Require stack:
- C:\Users\pat_b\AppData\Roaming\npm\node_modules\firebase-tools\lib\deploy\functions\runtimes\node\index.js
- C:\Users\pat_b\AppData\Roaming\npm\node_modules\firebase-tools\lib\deploy\functions\runtimes\index.js
- C:\Users\pat_b\AppData\Roaming\npm\node_modules\firebase-tools\lib\deploy\functions\prepare.js
- C:\Users\pat_b\AppData\Roaming\npm\node_modules\firebase-tools\lib\emulator\functionsEmulatorShared.js
- C:\Users\pat_b\AppData\Roaming\npm\node_modules\firebase-tools\lib\frameworks\index.js
- C:\Users\pat_b\AppData\Roaming\npm\node_modules\firebase-tools\lib\deploy\hosting\prepare.js
- C:\Users\pat_b\AppData\Roaming\npm\node_modules\firebase-tools\lib\deploy\hosting\index.js
- C:\Users\pat_b\AppData\Roaming\npm\node_modules\firebase-tools\lib\deploy\index.js
- C:\Users\pat_b\AppData\Roaming\npm\node_modules\firebase-tools\lib\checkValidTargetFilters.js
- C:\Users\pat_b\AppData\Roaming\npm\node_modules\firebase-tools\lib\commands\deploy.js
- C:\Users\pat_b\AppData\Roaming\npm\node_modules\firebase-tools\lib\commands\index.js
- C:\Users\pat_b\AppData\Roaming\npm\node_modules\firebase-tools\lib\index.js
- C:\Users\pat_b\AppData\Roaming\npm\node_modules\firebase-tools\lib\bin\cli.js
- C:\Users\pat_b\AppData\Roaming\npm\node_modules\firebase-tools\lib\bin\firebase.js
    at Function._resolveFilename (node:internal/modules/cjs/loader:1430:15)
    at Function.resolve (node:internal/modules/helpers:157:19)
    at Delegate.findFunctionsBinary (C:\Users\pat_b\AppData\Roaming\npm\node_modules\firebase-tools\lib\deploy\functions\runtimes\node\index.js:100:33)
    at Delegate.spawnFunctionsProcess (C:\Users\pat_b\AppData\Roaming\npm\node_modules\firebase-tools\lib\deploy\functions\runtimes\node\index.js:130:30)
    at Delegate.serveAdmin (C:\Users\pat_b\AppData\Roaming\npm\node_modules\firebase-tools\lib\deploy\functions\runtimes\node\index.js:151:35)
    at Delegate.discoverBuild (C:\Users\pat_b\AppData\Roaming\npm\node_modules\firebase-tools\lib\deploy\functions\runtimes\node\index.js:191:41)
    at process.processTicksAndRejections (node:internal/process/task_queues:103:5)
    at async loadCodebases (C:\Users\pat_b\AppData\Roaming\npm\node_modules\firebase-tools\lib\deploy\functions\prepare.js:488:33)
    at async prepare (C:\Users\pat_b\AppData\Roaming\npm\node_modules\firebase-tools\lib\deploy\functions\prepare.js:168:24)
    at async chain (C:\Users\pat_b\AppData\Roaming\npm\node_modules\firebase-tools\lib\deploy\index.js:105:9)
[error] 
[error] Error: An unexpected error has occurred.
